// Jest Snapshot v1, https://goo.gl/fbAQLP

exports[`<Chart /> renders 1`] = `
<div
  class="Chart"
/>
`;
